C:\Users\suuuu>cd C:\WorkSpace\git_challenge

C:\WorkSpace\git_challenge>git init
Initialized empty Git repository in C:/WorkSpace/git_challenge/.git/

C:\WorkSpace\git_challenge>git add hello_world.txt

C:\WorkSpace\git_challenge>git commit -m "hello_world.txtを追加"
[main (root-commit) 04836a6] hello_world.txtを追加
 1 file changed, 1 insertion(+)
 create mode 100644 hello_world.txt

C:\WorkSpace\git_challenge>git add hello_world.txt

C:\WorkSpace\git_challenge>git commit -m "日本語訳を追記"        
On branch main
Changes not staged for commit:
  (use "git add <file>..." to update what will be committed)
  (use "git restore <file>..." to discard changes in working directory)        
        modified:   hello_world.txt

no changes added to commit (use "git add" and/or "git commit -a")

C:\WorkSpace\git_challenge>git add hello_world.txt        

C:\WorkSpace\git_challenge>git commit -m "日本語訳を追記"
[main 5a91598] 日本語訳を追記
 1 file changed, 2 insertions(+), 1 deletion(-)

C:\WorkSpace\git_challenge>git log --oneline
5a91598 (HEAD -> main) 日本語訳を追記
04836a6 hello_world.txtを追加